> Task :compileJava UP-TO-DATE
> Task :processResources UP-TO-DATE
> Task :classes UP-TO-DATE
> Task :resolveMainClassName UP-TO-DATE

> Task :bootRun

  .   ____          _            __ _ _
 /\\ / ___'_ __ _ _(_)_ __  __ _ \ \ \ \
( ( )\___ | '_ | '_| | '_ \/ _` | \ \ \ \
 \\/  ___)| |_)| | | | | || (_| |  ) ) ) )
  '  |____| .__|_| |_|_| |_\__, | / / / /
 =========|_|==============|___/=/_/_/_/

 :: Spring Boot ::                (v3.3.5)

2026-06-17T09:39:57.749+09:00  INFO 6467 --- [redis-distributed-demo] [           main] c.e.d.RedisDistributedDemoApplication    : Starting RedisDistributedDemoApplication using Java 17.0.19 with PID 6467 (/mnt/d/study/java/redis/redis-distributed-demo/build/classes/java/main started by yiseul in /mnt/d/study/java/redis/redis-distributed-demo)
2026-06-17T09:39:57.760+09:00  INFO 6467 --- [redis-distributed-demo] [           main] c.e.d.RedisDistributedDemoApplication    : No active profile set, falling back to 1 default profile: "default"
2026-06-17T09:40:05.835+09:00  INFO 6467 --- [redis-distributed-demo] [           main] .s.d.r.c.RepositoryConfigurationDelegate : Multiple Spring Data modules found, entering strict repository configuration mode
2026-06-17T09:40:05.847+09:00  INFO 6467 --- [redis-distributed-demo] [           main] .s.d.r.c.RepositoryConfigurationDelegate : Bootstrapping Spring Data JPA repositories in DEFAULT mode.
2026-06-17T09:40:06.836+09:00  INFO 6467 --- [redis-distributed-demo] [           main] .s.d.r.c.RepositoryConfigurationDelegate : Finished Spring Data repository scanning in 951 ms. Found 1 JPA repository interface.
2026-06-17T09:40:06.933+09:00  INFO 6467 --- [redis-distributed-demo] [           main] .s.d.r.c.RepositoryConfigurationDelegate : Multiple Spring Data modules found, entering strict repository configuration mode
2026-06-17T09:40:06.937+09:00  INFO 6467 --- [redis-distributed-demo] [           main] .s.d.r.c.RepositoryConfigurationDelegate : Bootstrapping Spring Data Redis repositories in DEFAULT mode.
2026-06-17T09:40:07.067+09:00  INFO 6467 --- [redis-distributed-demo] [           main] .RepositoryConfigurationExtensionSupport : Spring Data Redis - Could not safely identify store assignment for repository candidate interface com.example.demo.product.ProductRepository; If you want this repository to be a Redis repository, consider annotating your entities with one of these annotations: org.springframework.data.redis.core.RedisHash (preferred), or consider extending one of the following types with your repository: org.springframework.data.keyvalue.repository.KeyValueRepository
2026-06-17T09:40:07.067+09:00  INFO 6467 --- [redis-distributed-demo] [           main] .s.d.r.c.RepositoryConfigurationDelegate : Finished Spring Data repository scanning in 54 ms. Found 0 Redis repository interfaces.
2026-06-17T09:40:10.035+09:00  INFO 6467 --- [redis-distributed-demo] [           main] o.s.b.w.embedded.tomcat.TomcatWebServer  : Tomcat initialized with port 3100 (http)
2026-06-17T09:40:10.075+09:00  INFO 6467 --- [redis-distributed-demo] [           main] o.apache.catalina.core.StandardService   : Starting service [Tomcat]
2026-06-17T09:40:10.076+09:00  INFO 6467 --- [redis-distributed-demo] [           main] o.apache.catalina.core.StandardEngine    : Starting Servlet engine: [Apache Tomcat/10.1.31]
2026-06-17T09:40:10.227+09:00  INFO 6467 --- [redis-distributed-demo] [           main] o.a.c.c.C.[Tomcat].[localhost].[/]       : Initializing Spring embedded WebApplicationContext
2026-06-17T09:40:10.228+09:00  INFO 6467 --- [redis-distributed-demo] [           main] w.s.c.ServletWebServerApplicationContext : Root WebApplicationContext: initialization completed in 12075 ms
2026-06-17T09:40:10.295+09:00  INFO 6467 --- [redis-distributed-demo] [           main] com.zaxxer.hikari.HikariDataSource       : HikariPool-1 - Starting...
2026-06-17T09:40:11.757+09:00  INFO 6467 --- [redis-distributed-demo] [           main] com.zaxxer.hikari.pool.HikariPool        : HikariPool-1 - Added connection conn0: url=jdbc:h2:mem:redisdemo user=SA
2026-06-17T09:40:11.773+09:00  INFO 6467 --- [redis-distributed-demo] [           main] com.zaxxer.hikari.HikariDataSource       : HikariPool-1 - Start completed.
2026-06-17T09:40:11.817+09:00  INFO 6467 --- [redis-distributed-demo] [           main] o.s.b.a.h2.H2ConsoleAutoConfiguration    : H2 console available at '/h2-console'. Database available at 'jdbc:h2:mem:redisdemo'
2026-06-17T09:40:14.099+09:00  INFO 6467 --- [redis-distributed-demo] [           main] o.hibernate.jpa.internal.util.LogHelper  : HHH000204: Processing PersistenceUnitInfo [name: default]
2026-06-17T09:40:14.518+09:00  INFO 6467 --- [redis-distributed-demo] [           main] org.hibernate.Version                    : HHH000412: Hibernate ORM core version 6.5.3.Final
2026-06-17T09:40:14.816+09:00  INFO 6467 --- [redis-distributed-demo] [           main] o.h.c.internal.RegionFactoryInitiator    : HHH000026: Second-level cache disabled
2026-06-17T09:40:17.157+09:00  INFO 6467 --- [redis-distributed-demo] [           main] o.s.o.j.p.SpringPersistenceUnitInfo      : No LoadTimeWeaver setup: ignoring JPA class transformer
2026-06-17T09:40:21.866+09:00  INFO 6467 --- [redis-distributed-demo] [           main] o.h.e.t.j.p.i.JtaPlatformInitiator       : HHH000489: No JTA platform available (set 'hibernate.transaction.jta.platform' to enable JTA platform integration)
Hibernate: 
    drop table if exists product cascade 
Hibernate: 
    create table product (
        price integer not null,
        stock integer not null,
        id bigint generated by default as identity,
        name varchar(255),
        primary key (id)
    )
2026-06-17T09:40:22.035+09:00  INFO 6467 --- [redis-distributed-demo] [           main] j.LocalContainerEntityManagerFactoryBean : Initialized JPA EntityManagerFactory for persistence unit 'default'
2026-06-17T09:40:24.278+09:00  INFO 6467 --- [redis-distributed-demo] [           main] o.s.b.w.embedded.tomcat.TomcatWebServer  : Tomcat started on port 3100 (http) with context path '/'
2026-06-17T09:40:24.285+09:00  INFO 6467 --- [redis-distributed-demo] [           main] c.e.d.RedisDistributedDemoApplication    : Started RedisDistributedDemoApplication in 29.382 seconds (process running for 30.653)
Hibernate: 
    insert 
    into
        product
        (name, price, stock, id) 
    values
        (?, ?, ?, default)
Hibernate: 
    insert 
    into
        product
        (name, price, stock, id) 
    values
        (?, ?, ?, default)
Hibernate: 
    insert 
    into
        product
        (name, price, stock, id) 
    values
        (?, ?, ?, default)
2026-06-17T09:41:10.206+09:00  INFO 6467 --- [redis-distributed-demo] [nio-3100-exec-1] o.a.c.c.C.[Tomcat].[localhost].[/]       : Initializing Spring DispatcherServlet 'dispatcherServlet'
2026-06-17T09:41:10.206+09:00  INFO 6467 --- [redis-distributed-demo] [nio-3100-exec-1] o.s.web.servlet.DispatcherServlet        : Initializing Servlet 'dispatcherServlet'
2026-06-17T09:41:10.207+09:00  INFO 6467 --- [redis-distributed-demo] [nio-3100-exec-1] o.s.web.servlet.DispatcherServlet        : Completed initialization in 1 ms
