
> distributed-redis-frontend@1.0.0 start
> next start -p 3002

  ▲ Next.js 14.2.15
  - Local:        http://localhost:3002

 ✓ Starting...
 ✓ Ready in 5s
TypeError: fetch failed
    at node:internal/deps/undici/undici:14976:13
    at process.processTicksAndRejections (node:internal/process/task_queues:95:5)
    at async a (/mnt/d/study/java/redis/distributed-redis-lab/frontend/.next/server/app/page.js:1:2290)
    at async d (/mnt/d/study/java/redis/distributed-redis-lab/frontend/.next/server/app/page.js:1:2510) {
  digest: '3016255763',
  [cause]: Error: connect ECONNREFUSED 127.0.0.1:3000
      at TCPConnectWrap.afterConnect [as oncomplete] (node:net:1611:16)
      at TCPConnectWrap.callbackTrampoline (node:internal/async_hooks:130:17) {
    errno: -111,
    code: 'ECONNREFUSED',
    syscall: 'connect',
    address: '127.0.0.1',
    port: 3000
  }
}
TypeError: fetch failed
    at node:internal/deps/undici/undici:14976:13
    at process.processTicksAndRejections (node:internal/process/task_queues:95:5)
    at async a (/mnt/d/study/java/redis/distributed-redis-lab/frontend/.next/server/app/page.js:1:2290)
    at async d (/mnt/d/study/java/redis/distributed-redis-lab/frontend/.next/server/app/page.js:1:2510) {
  digest: '3016255763',
  [cause]: Error: connect ECONNREFUSED 127.0.0.1:3000
      at TCPConnectWrap.afterConnect [as oncomplete] (node:net:1611:16)
      at TCPConnectWrap.callbackTrampoline (node:internal/async_hooks:130:17) {
    errno: -111,
    code: 'ECONNREFUSED',
    syscall: 'connect',
    address: '127.0.0.1',
    port: 3000
  }
}
