
  .   ____          _            __ _ _
 /\\ / ___'_ __ _ _(_)_ __  __ _ \ \ \ \
( ( )\___ | '_ | '_| | '_ \/ _` | \ \ \ \
 \\/  ___)| |_)| | | | | || (_| |  ) ) ) )
  '  |____| .__|_| |_|_| |_\__, | / / / /
 =========|_|==============|___/=/_/_/_/

 :: Spring Boot ::                (v3.3.5)

2026-06-24T11:44:50.870+09:00  INFO 2459 --- [mobile-bank-api] [           main] c.e.mobilebank.MobileBankApiApplication  : Starting MobileBankApiApplication v1.0.0 using Java 21.0.11 with PID 2459 (/mnt/d/study/fullstack/mobile-bank/backend-spring-api/build/libs/mobile-bank-api-1.0.0.jar started by yiseul in /mnt/d/study/fullstack/mobile-bank)
2026-06-24T11:44:50.879+09:00  INFO 2459 --- [mobile-bank-api] [           main] c.e.mobilebank.MobileBankApiApplication  : No active profile set, falling back to 1 default profile: "default"
2026-06-24T11:44:52.743+09:00  INFO 2459 --- [mobile-bank-api] [           main] .s.d.r.c.RepositoryConfigurationDelegate : Multiple Spring Data modules found, entering strict repository configuration mode
2026-06-24T11:44:52.749+09:00  INFO 2459 --- [mobile-bank-api] [           main] .s.d.r.c.RepositoryConfigurationDelegate : Bootstrapping Spring Data JPA repositories in DEFAULT mode.
2026-06-24T11:44:53.139+09:00  INFO 2459 --- [mobile-bank-api] [           main] .s.d.r.c.RepositoryConfigurationDelegate : Finished Spring Data repository scanning in 375 ms. Found 3 JPA repository interfaces.
2026-06-24T11:44:53.175+09:00  INFO 2459 --- [mobile-bank-api] [           main] .s.d.r.c.RepositoryConfigurationDelegate : Multiple Spring Data modules found, entering strict repository configuration mode
2026-06-24T11:44:53.178+09:00  INFO 2459 --- [mobile-bank-api] [           main] .s.d.r.c.RepositoryConfigurationDelegate : Bootstrapping Spring Data Redis repositories in DEFAULT mode.
2026-06-24T11:44:53.205+09:00  INFO 2459 --- [mobile-bank-api] [           main] .RepositoryConfigurationExtensionSupport : Spring Data Redis - Could not safely identify store assignment for repository candidate interface com.example.mobilebank.repository.AccountRepository; If you want this repository to be a Redis repository, consider annotating your entities with one of these annotations: org.springframework.data.redis.core.RedisHash (preferred), or consider extending one of the following types with your repository: org.springframework.data.keyvalue.repository.KeyValueRepository
2026-06-24T11:44:53.206+09:00  INFO 2459 --- [mobile-bank-api] [           main] .RepositoryConfigurationExtensionSupport : Spring Data Redis - Could not safely identify store assignment for repository candidate interface com.example.mobilebank.repository.TransactionRecordRepository; If you want this repository to be a Redis repository, consider annotating your entities with one of these annotations: org.springframework.data.redis.core.RedisHash (preferred), or consider extending one of the following types with your repository: org.springframework.data.keyvalue.repository.KeyValueRepository
2026-06-24T11:44:53.208+09:00  INFO 2459 --- [mobile-bank-api] [           main] .RepositoryConfigurationExtensionSupport : Spring Data Redis - Could not safely identify store assignment for repository candidate interface com.example.mobilebank.repository.UserRepository; If you want this repository to be a Redis repository, consider annotating your entities with one of these annotations: org.springframework.data.redis.core.RedisHash (preferred), or consider extending one of the following types with your repository: org.springframework.data.keyvalue.repository.KeyValueRepository
2026-06-24T11:44:53.209+09:00  INFO 2459 --- [mobile-bank-api] [           main] .s.d.r.c.RepositoryConfigurationDelegate : Finished Spring Data repository scanning in 15 ms. Found 0 Redis repository interfaces.
2026-06-24T11:44:54.286+09:00  INFO 2459 --- [mobile-bank-api] [           main] o.s.b.w.embedded.tomcat.TomcatWebServer  : Tomcat initialized with port 3004 (http)
2026-06-24T11:44:54.314+09:00  INFO 2459 --- [mobile-bank-api] [           main] o.apache.catalina.core.StandardService   : Starting service [Tomcat]
2026-06-24T11:44:54.316+09:00  INFO 2459 --- [mobile-bank-api] [           main] o.apache.catalina.core.StandardEngine    : Starting Servlet engine: [Apache Tomcat/10.1.31]
2026-06-24T11:44:54.383+09:00  INFO 2459 --- [mobile-bank-api] [           main] o.a.c.c.C.[Tomcat].[localhost].[/]       : Initializing Spring embedded WebApplicationContext
2026-06-24T11:44:54.385+09:00  INFO 2459 --- [mobile-bank-api] [           main] w.s.c.ServletWebServerApplicationContext : Root WebApplicationContext: initialization completed in 3380 ms
2026-06-24T11:44:55.192+09:00  INFO 2459 --- [mobile-bank-api] [           main] o.hibernate.jpa.internal.util.LogHelper  : HHH000204: Processing PersistenceUnitInfo [name: default]
2026-06-24T11:44:55.306+09:00  INFO 2459 --- [mobile-bank-api] [           main] org.hibernate.Version                    : HHH000412: Hibernate ORM core version 6.5.3.Final
2026-06-24T11:44:55.364+09:00  INFO 2459 --- [mobile-bank-api] [           main] o.h.c.internal.RegionFactoryInitiator    : HHH000026: Second-level cache disabled
2026-06-24T11:44:55.932+09:00  INFO 2459 --- [mobile-bank-api] [           main] o.s.o.j.p.SpringPersistenceUnitInfo      : No LoadTimeWeaver setup: ignoring JPA class transformer
2026-06-24T11:44:55.984+09:00  INFO 2459 --- [mobile-bank-api] [           main] com.zaxxer.hikari.HikariDataSource       : HikariPool-1 - Starting...
2026-06-24T11:44:56.130+09:00  INFO 2459 --- [mobile-bank-api] [           main] com.zaxxer.hikari.pool.HikariPool        : HikariPool-1 - Added connection org.mariadb.jdbc.Connection@295f2d1b
2026-06-24T11:44:56.134+09:00  INFO 2459 --- [mobile-bank-api] [           main] com.zaxxer.hikari.HikariDataSource       : HikariPool-1 - Start completed.
2026-06-24T11:44:57.671+09:00  INFO 2459 --- [mobile-bank-api] [           main] o.h.e.t.j.p.i.JtaPlatformInitiator       : HHH000489: No JTA platform available (set 'hibernate.transaction.jta.platform' to enable JTA platform integration)
2026-06-24T11:44:57.899+09:00  INFO 2459 --- [mobile-bank-api] [           main] j.LocalContainerEntityManagerFactoryBean : Initialized JPA EntityManagerFactory for persistence unit 'default'
2026-06-24T11:44:58.570+09:00  WARN 2459 --- [mobile-bank-api] [           main] .s.s.UserDetailsServiceAutoConfiguration : 

Using generated security password: 15dc1eb5-9eb7-45f9-a601-043f6adeb471

This generated password is for development use only. Your security configuration must be updated before running your application in production.

2026-06-24T11:44:58.588+09:00  INFO 2459 --- [mobile-bank-api] [           main] r$InitializeUserDetailsManagerConfigurer : Global AuthenticationManager configured with UserDetailsService bean with name inMemoryUserDetailsManager
2026-06-24T11:44:58.943+09:00  WARN 2459 --- [mobile-bank-api] [           main] o.s.s.c.a.web.builders.WebSecurity       : You are asking Spring Security to ignore Deferred [Mvc [pattern='/**', OPTIONS], Ant [pattern='/**', OPTIONS]]. This is not recommended -- please use permitAll via HttpSecurity#authorizeHttpRequests instead.
2026-06-24T11:44:58.944+09:00  WARN 2459 --- [mobile-bank-api] [           main] o.s.s.c.a.web.builders.WebSecurity       : You are asking Spring Security to ignore Deferred [Mvc [pattern='/api/health', GET], Ant [pattern='/api/health', GET]]. This is not recommended -- please use permitAll via HttpSecurity#authorizeHttpRequests instead.
2026-06-24T11:44:58.944+09:00  WARN 2459 --- [mobile-bank-api] [           main] o.s.s.c.a.web.builders.WebSecurity       : You are asking Spring Security to ignore Deferred [Mvc [pattern='/api/auth/register', POST], Ant [pattern='/api/auth/register', POST]]. This is not recommended -- please use permitAll via HttpSecurity#authorizeHttpRequests instead.
2026-06-24T11:44:58.945+09:00  WARN 2459 --- [mobile-bank-api] [           main] o.s.s.c.a.web.builders.WebSecurity       : You are asking Spring Security to ignore Deferred [Mvc [pattern='/api/auth/login', POST], Ant [pattern='/api/auth/login', POST]]. This is not recommended -- please use permitAll via HttpSecurity#authorizeHttpRequests instead.
2026-06-24T11:44:59.328+09:00  INFO 2459 --- [mobile-bank-api] [           main] o.s.b.w.embedded.tomcat.TomcatWebServer  : Tomcat started on port 3004 (http) with context path '/'
2026-06-24T11:44:59.341+09:00  INFO 2459 --- [mobile-bank-api] [           main] c.e.mobilebank.MobileBankApiApplication  : Started MobileBankApiApplication in 9.482 seconds (process running for 10.499)
2026-06-24T11:45:00.060+09:00  INFO 2459 --- [mobile-bank-api] [nio-3004-exec-1] o.a.c.c.C.[Tomcat].[localhost].[/]       : Initializing Spring DispatcherServlet 'dispatcherServlet'
2026-06-24T11:45:00.061+09:00  INFO 2459 --- [mobile-bank-api] [nio-3004-exec-1] o.s.web.servlet.DispatcherServlet        : Initializing Servlet 'dispatcherServlet'
2026-06-24T11:45:00.062+09:00  INFO 2459 --- [mobile-bank-api] [nio-3004-exec-1] o.s.web.servlet.DispatcherServlet        : Completed initialization in 1 ms
